// Jest Snapshot v1, https://goo.gl/fbAQLP

exports[`EditorForm should render with props 1`] = `
ShallowWrapper {
  Symbol(enzyme.__root__): [Circular],
  Symbol(enzyme.__unrendered__): <EditorForm
    addPlacemark={[Function]}
    clearData={[Function]}
    placemark=""
    placemarkData={null}
    results={Array []}
    searchData={[Function]}
  />,
  Symbol(enzyme.__renderer__): Object {
    "batchedUpdates": [Function],
    "checkPropTypes": [Function],
    "getNode": [Function],
    "render": [Function],
    "simulateError": [Function],
    "simulateEvent": [Function],
    "unmount": [Function],
  },
  Symbol(enzyme.__node__): Object {
    "instance": null,
    "key": undefined,
    "nodeType": "host",
    "props": Object {
      "children": Array [
        <input
          className="editor__form-input"
          name="placemark"
          onChange={[Function]}
          required={true}
          type="text"
          value=""
        />,
        <div
          className="editor__form-results"
        />,
        <button
          className="editor__form-button"
          onClick={[Function]}
        >
          Добавить
        </button>,
      ],
      "className": "editor__form",
      "onSubmit": [Function],
    },
    "ref": null,
    "rendered": Array [
      Object {
        "instance": null,
        "key": undefined,
        "nodeType": "host",
        "props": Object {
          "className": "editor__form-input",
          "name": "placemark",
          "onChange": [Function],
          "required": true,
          "type": "text",
          "value": "",
        },
        "ref": null,
        "rendered": null,
        "type": "input",
      },
      Object {
        "instance": null,
        "key": undefined,
        "nodeType": "host",
        "props": Object {
          "children": null,
          "className": "editor__form-results",
        },
        "ref": null,
        "rendered": null,
        "type": "div",
      },
      Object {
        "instance": null,
        "key": undefined,
        "nodeType": "host",
        "props": Object {
          "children": "Добавить",
          "className": "editor__form-button",
          "onClick": [Function],
        },
        "ref": null,
        "rendered": "Добавить",
        "type": "button",
      },
    ],
    "type": "form",
  },
  Symbol(enzyme.__nodes__): Array [
    Object {
      "instance": null,
      "key": undefined,
      "nodeType": "host",
      "props": Object {
        "children": Array [
          <input
            className="editor__form-input"
            name="placemark"
            onChange={[Function]}
            required={true}
            type="text"
            value=""
          />,
          <div
            className="editor__form-results"
          />,
          <button
            className="editor__form-button"
            onClick={[Function]}
          >
            Добавить
          </button>,
        ],
        "className": "editor__form",
        "onSubmit": [Function],
      },
      "ref": null,
      "rendered": Array [
        Object {
          "instance": null,
          "key": undefined,
          "nodeType": "host",
          "props": Object {
            "className": "editor__form-input",
            "name": "placemark",
            "onChange": [Function],
            "required": true,
            "type": "text",
            "value": "",
          },
          "ref": null,
          "rendered": null,
          "type": "input",
        },
        Object {
          "instance": null,
          "key": undefined,
          "nodeType": "host",
          "props": Object {
            "children": null,
            "className": "editor__form-results",
          },
          "ref": null,
          "rendered": null,
          "type": "div",
        },
        Object {
          "instance": null,
          "key": undefined,
          "nodeType": "host",
          "props": Object {
            "children": "Добавить",
            "className": "editor__form-button",
            "onClick": [Function],
          },
          "ref": null,
          "rendered": "Добавить",
          "type": "button",
        },
      ],
      "type": "form",
    },
  ],
  Symbol(enzyme.__options__): Object {
    "adapter": ReactSixteenAdapter {
      "options": Object {
        "enableComponentDidUpdateOnSetState": true,
        "legacyContextMode": "parent",
        "lifecycles": Object {
          "componentDidUpdate": Object {
            "onSetState": true,
          },
          "getChildContext": Object {
            "calledByRenderer": false,
          },
          "getDerivedStateFromProps": true,
          "getSnapshotBeforeUpdate": true,
          "setState": Object {
            "skipsComponentDidUpdateOnNullish": true,
          },
        },
      },
    },
  },
}
`;
